---
source: crates/plotnik-lib/src/emit/codegen_tests.rs
---
Test = (identifier)+ @items
---
[flags]
linked = false

[strings]
S0 "Beauty will save the world"
S1 "items"
S2 "Test"
S3 "identifier"

[type_defs]
T0 = <Node>
T1 = ArrayPlus(T0)  ; <Node>+
T2 = Struct  M0:1  ; { items }

[type_members]
M0: S1 → T1  ; items: T1

[type_names]
N0: S2 → T2  ; Test

[entrypoints]
Test = 01 :: T2

[transitions]
  00   ε                                    ◼

Test:
  01   ε                                    02
  02   ε   [Obj]                            04
  04   ε   [Arr]                            06
  06       (identifier) [Node Push]         15
  08                                        ▶
  09   ε   [EndObj]                         08
  11   ε   [EndArr Set(M0)]                 09
  13       (identifier) [Node Push]         15
  15   ε                                    13, 11
