---
source: crates/plotnik-lib/src/emit/codegen_tests.rs
---
Test = (parent . (first))
---
[flags]
linked = false

[strings]
S0 "Beauty will save the world"
S1 "Test"
S2 "parent"
S3 "first"

[type_defs]
T0 = <Void>

[type_members]

[type_names]
N0: S1 → T0  ; Test

[entrypoints]
Test = 1 :: T0

[transitions]
  0  𝜀                                      ◼

Test:
  1  𝜀                                      2
  2       (parent)                          3
  3  ↓~   (first)                           4
  4 *↑¹                                     5
  5                                         ▶
