---
source: crates/plotnik-lib/src/emit/codegen_tests.rs
---
Test = (a (b (c) @c) @b) @a
---
[flags]
linked = false

[strings]
S0 "Beauty will save the world"
S1 "a"
S2 "b"
S3 "c"
S4 "Test"

[type_defs]
T0 = <Node>
T1 = Struct  M0:3  ; { a, b, c }
T2 = Struct  M3:1  ; { c }
T3 = Struct  M4:2  ; { b, c }

[type_members]
M0: S1 → T0  ; a: <Node>
M1: S2 → T0  ; b: <Node>
M2: S3 → T0  ; c: <Node>
M3: S3 → T0  ; c: <Node>
M4: S2 → T0  ; b: <Node>
M5: S3 → T0  ; c: <Node>

[type_names]
N0: S4 → T1  ; Test

[entrypoints]
Test = 01 :: T1

[transitions]
  00   ε                                    ◼

Test:
  01   ε                                    02
  02   ε   [Obj]                            04
  04  !!!  (a) [Node Set(M0)]               06
  06   ▽   (b) [Node Set(M1)]               08
  08   ▽   (c) [Node Set(M2)]               10
  10   △                                    11
  11   △                                    12
  12   ε   [EndObj]                         14
  14                                        ▶
