---
source: crates/plotnik-lib/src/emit/codegen_tests.rs
---
Test = (parent (last) .)
---
[flags]
linked = false

[strings]
S00 "Beauty will save the world"
S01 "Test"
S02 "parent"
S03 "last"

[type_defs]
T00 = void
T01 = Node
T02 = str
T03 = Struct  M0[0]  ; {  }

[type_members]

[type_names]
N0: S01 → T03  ; Test

[entrypoints]
Test = 01 :: T03

[transitions]
  00  𝜀                                     ◼

Test:
  01  𝜀                                     02
  02       (parent)                         03
  03  ↓*   (last)                           04
  04 ~↑¹                                    05
  05                                        ▶
