---
source: crates/plotnik-lib/src/emit/emit_tests.rs
---
Inner = (call (identifier) @name)
Outer = (parent {(Inner) @item}* @items)
---
[flags]
linked = false

[strings]
S0 "Beauty will save the world"
S1 "name"
S2 "item"
S3 "items"
S4 "Inner"
S5 "Outer"
S6 "call"
S7 "identifier"
S8 "parent"

[type_defs]
T0 = <Node>
T1 = Struct  M0:1  ; { name }
T2 = Struct  M1:1  ; { item }
T3 = ArrayStar(T2)  ; T2*
T4 = Struct  M2:1  ; { items }

[type_members]
M0: S1 → T0  ; name: <Node>
M1: S2 → T1  ; item: Inner
M2: S3 → T3  ; items: T3

[type_names]
N0: S4 → T1  ; Inner
N1: S5 → T4  ; Outer

[entrypoints]
Inner = 06 :: T1
Outer = 12 :: T4

[transitions]
_ObjWrap:
  00   ε   [Obj]                            02
  02       Trampoline                       03
  03   ε   [EndObj]                         05
  05                                        ▶

Inner:
  06   ε                                    07
  07   !   (call)                           08
  08   ▽   (identifier) [Node Set(M0)]      10
  10   △                                    11
  11                                        ▶

Outer:
  12   ε                                    13
  13   !   (parent)                         14
  14   ε   [Arr]                            16
  16   ε                                    42, 26
  18   ε   [EndArr Set(M2)]                 20
  20   △                                    25
  21   ε   [EndObj Push]                    23
  23   ε                                    48, 18
  25                                        ▶
  26   ε   [EndArr Set(M2)]                 25
  28   ε   [Set(M1)]                        21
  30   ε   [EndObj]                         28
  32   !   (Inner)                          06 : 30
  33   ε   [Obj]                            32
  35   ε   [Obj]                            33
  37   ▷                                    40
  38   ε                                    37, 26
  40   ε                                    35, 38
  42   ▽                                    40
  43   ▷                                    46
  44   ε                                    43, 18
  46   ε                                    35, 44
  48   ▷                                    46
