---
source: crates/plotnik-lib/src/emit/emit_tests.rs
---
Test = {{(identifier) @id} @inner}? @outer
---
[flags]
linked = false

[strings]
S0 "Beauty will save the world"
S1 "id"
S2 "inner"
S3 "outer"
S4 "Test"
S5 "identifier"

[type_defs]
T0 = <Node>
T1 = Struct  M0:1  ; { id }
T2 = Struct  M1:1  ; { inner }
T3 = Struct  M2:1  ; { outer }
T4 = Struct  M3:1  ; { inner }
T5 = Optional(T1)  ; T1?
T6 = Optional(T2)  ; T2?

[type_members]
M0: S1 → T0  ; id: <Node>
M1: S2 → T5  ; inner: T5
M2: S3 → T6  ; outer: T6
M3: S2 → T1  ; inner: T1

[type_names]
N0: S4 → T3  ; Test

[entrypoints]
Test = 06 :: T3

[transitions]
_ObjWrap:
  00   ε   [Obj]                            02
  02       Trampoline                       03
  03   ε   [EndObj]                         05
  05                                        ▶

Test:
  06   ε                                    08
  07  ...  
  08   ε   [Obj]                            10
  10   ε                                    29, 22
  12                                        ▶
  13   ε   [EndObj Set(M2)]                 12
  15  ...  
  16   ε   [EndObj Set(M1)]                 13
  18   !   (identifier) [Node Set(M0)]      16
  20   ε   [Obj]                            18
  22   ε   [Null Set(M1)]                   13
  24   ▷   _                                27
  25   ε                                    24, 22
  27   ε                                    20, 25
  29   !   _                                27
