---
source: crates/plotnik-lib/src/emit/emit_tests.rs
---
Test = {(a) @a (b) @b} @item
---
[flags]
linked = false

[strings]
S0 "Beauty will save the world"
S1 "a"
S2 "b"
S3 "item"
S4 "Test"

[type_defs]
T0 = <Node>
T1 = Struct  M0:2  ; { a, b }
T2 = Struct  M2:1  ; { item }
T3 = Struct  M3:1  ; { a }
T4 = Struct  M4:1  ; { b }

[type_members]
M0: S1 → T0  ; a: <Node>
M1: S2 → T0  ; b: <Node>
M2: S3 → T1  ; item: T1
M3: S1 → T0  ; a: <Node>
M4: S2 → T0  ; b: <Node>

[type_names]
N0: S4 → T2  ; Test

[entrypoints]
Test = 06 :: T2

[transitions]
_ObjWrap:
  00   ε   [Obj]                            02
  02       Trampoline                       03
  03   ε   [EndObj]                         05
  05                                        ▶

Test:
  06   ε                                    07
  07   ε   [Obj]                            09
  09   !   (a) [Node Set(M0)]               11
  11   ▷   (b) [Node Set(M1)]               13
  13   ε   [EndObj Set(M2)]                 15
  15                                        ▶
