---
source: crates/plotnik-lib/src/emit/emit_tests.rs
---
Test = (parent "+" . (next))
---
[flags]
linked = false

[strings]
S0 "Beauty will save the world"
S1 "Test"
S2 "parent"
S3 "next"
S4 "+"

[type_defs]
T0 = <Void>

[type_members]

[type_names]
N0: S1 → T0  ; Test

[entrypoints]
Test = 06 :: T0

[transitions]
_ObjWrap:
  00   ε   [Obj]                            02
  02       Trampoline                       03
  03   ε   [EndObj]                         05
  05                                        ▶

Test:
  06   ε                                    07
  07   !   (parent)                         08
  08   ▽   (+)                              09
  09 !!▷   (next)                           10
  10   △                                    11
  11                                        ▶
