---
source: crates/plotnik-lib/src/emit/codegen_tests.rs
---
Test = (identifier)+ @items
---
[flags]
linked = false

[strings]
S00 "Beauty will save the world"
S01 "items"
S02 "Test"
S03 "identifier"

[type_defs]
T00 = void
T01 = Node
T02 = str
T03 = ArrayPlus(T01)  ; Node+
T04 = Struct  M0[1]  ; { items }

[type_members]
M0: S01 → T03  ; items: T03

[type_names]
N0: S02 → T04  ; Test

[entrypoints]
Test = 01 :: T04

[transitions]
  00  𝜀                                     ◼

Test:
  01  𝜀                                     02
  02  𝜀    [Arr]                            04
  04       (identifier) [Push]              11
  06                                        ▶
  07  𝜀    [EndArr Set(M0)]                 06
  09       (identifier) [Push]              11
  11  𝜀                                     09, 07
