---
source: crates/plotnik-lib/src/emit/codegen_tests.rs
---
Test = {{(identifier) @id (number) @num} @row}* @rows
---
[flags]
linked = false

[strings]
S0 "Beauty will save the world"
S1 "id"
S2 "num"
S3 "row"
S4 "rows"
S5 "Test"
S6 "number"
S7 "identifier"

[type_defs]
T0 = <Node>
T1 = Struct  M0:2  ; { id, num }
T2 = Struct  M2:1  ; { row }
T3 = ArrayStar(T2)  ; T2*
T4 = Struct  M3:1  ; { rows }
T5 = Struct  M4:1  ; { id }
T6 = Struct  M5:1  ; { num }

[type_members]
M0: S1 → T0  ; id: <Node>
M1: S2 → T0  ; num: <Node>
M2: S3 → T1  ; row: T1
M3: S4 → T3  ; rows: T3
M4: S1 → T0  ; id: <Node>
M5: S2 → T0  ; num: <Node>

[type_names]
N0: S5 → T4  ; Test

[entrypoints]
Test = 06 :: T4

[transitions]
_ObjWrap:
  00   ε   [Obj]                            02
  02       Trampoline                       03
  03   ε   [EndObj]                         05
  05                                        ▶

Test:
  06   ε                                    07
  07   ε   [Arr]                            09
  09   ε                                    33, 16
  11   ε   [EndObj Push]                    13
  13   ε                                    39, 16
  15                                        ▶
  16   ε   [EndArr Set(M3)]                 15
  18   ε   [EndObj Set(M2)]                 11
  20   ▷   (number) [Node Set(M1)]          18
  22   !   (identifier) [Node Set(M0)]      20
  24   ε   [Obj]                            22
  26   ε   [Obj]                            24
  28   ▷                                    31
  29   ε                                    28, 16
  31   ε                                    26, 29
  33   !                                    31
  34   ▷                                    37
  35   ε                                    34, 16
  37   ε                                    26, 35
  39   ▷                                    37
