---
source: crates/plotnik-lib/src/emit/codegen_tests.rs
---
Ident = (identifier) @name :: string
Expression = [
    Literal: (number) @value
    Variable: (identifier) @name
]
Assignment = (assignment_expression
    left: (identifier) @target
    right: (Expression) @value)
---
[flags]
linked = false

[strings]
S00 "Beauty will save the world"
S01 "name"
S02 "value"
S03 "Literal"
S04 "Variable"
S05 "target"
S06 "Ident"
S07 "Expression"
S08 "Assignment"
S09 "identifier"
S10 "number"
S11 "assignment_expression"
S12 "right"
S13 "left"

[type_defs]
T0 = <Node>
T1 = <String>
T2 = Struct  M0:1  ; { name }
T3 = Struct  M1:1  ; { value }
T4 = Struct  M2:1  ; { name }
T5 = Enum    M3:2  ; Literal | Variable
T6 = Struct  M5:2  ; { value, target }

[type_members]
M0: S01 → T1  ; name: <String>
M1: S02 → T0  ; value: <Node>
M2: S01 → T0  ; name: <Node>
M3: S03 → T3  ; Literal: T3
M4: S04 → T4  ; Variable: T4
M5: S02 → T5  ; value: Expression
M6: S05 → T0  ; target: <Node>

[type_names]
N0: S06 → T2  ; Ident
N1: S07 → T5  ; Expression
N2: S08 → T6  ; Assignment

[entrypoints]
Assignment = 08 :: T6
Expression = 05 :: T5
Ident      = 01 :: T2

[transitions]
  00  𝜀                                     ◼

Ident:
  01  𝜀                                     02
  02       (identifier) [Text Set(M0)]      04
  04                                        ▶

Expression:
  05  𝜀                                     06
  06  𝜀                                     22, 28

Assignment:
  08  𝜀                                     09
  09       (assignment_expression)          10
  10  ↓*   left: (identifier) [Node Set(M6)]  12
  12  *  ▶ right: (Expression)              13
  13  𝜀    [Set(M5)]                        15
  15 *↑¹                                    16
  16                                        ▶
  17                                        ▶
  18  𝜀    [EndEnum]                        17
  20       (number) [Node Set(M1)]          18
  22  𝜀    [Enum(M3)]                       20
  24  𝜀    [EndEnum]                        17
  26       (identifier) [Node Set(M2)]      24
  28  𝜀    [Enum(M4)]                       26
