---
source: crates/plotnik-lib/src/emit/codegen_tests.rs
---
Expr = [
    Lit: (number) @value :: string
    Rec: (call_expression function: (identifier) @fn arguments: (Expr) @inner)
]
---
[flags]
linked = false

[strings]
S00 "Beauty will save the world"
S01 "value"
S02 "fn"
S03 "inner"
S04 "Lit"
S05 "Rec"
S06 "Expr"
S07 "number"
S08 "call_expression"
S09 "arguments"
S10 "function"
S11 "identifier"

[type_defs]
T0 = <Node>
T1 = <String>
T2 = Struct  M0:1  ; { value }
T3 = Struct  M1:2  ; { fn, inner }
T4 = Enum    M3:2  ; Lit | Rec

[type_members]
M0: S01 → T1  ; value: <String>
M1: S02 → T0  ; fn: <Node>
M2: S03 → T4  ; inner: Expr
M3: S04 → T2  ; Lit: T2
M4: S05 → T3  ; Rec: T3

[type_names]
N0: S06 → T4  ; Expr

[entrypoints]
Expr = 01 :: T4

[transitions]
  00  𝜀                                     ◼

Expr:
  01  𝜀                                     02
  02  𝜀                                     12, 20
  04  𝜀    [Set(M2)]                        06
  06 *↑¹                                    14
  07                                        ▶
  08  𝜀    [EndEnum]                        07
  10       (number) [Text Set(M0)]          08
  12  𝜀    [Enum(M3)]                       10
  14  𝜀    [EndEnum]                        07
  16  *  ▶ arguments: (Expr)                04
  17  ↓*   function: (identifier) [Node Set(M1)]  16
  19       (call_expression)                17
  20  𝜀    [Enum(M4)]                       19
