---
source: crates/plotnik-lib/src/emit/codegen_tests.rs
---
Test = (object { [A: (pair) @a  B: (shorthand_property_identifier) @b] @item }* @items)
---
[flags]
linked = false

[strings]
S00 "Beauty will save the world"
S01 "a"
S02 "b"
S03 "A"
S04 "B"
S05 "item"
S06 "items"
S07 "Test"
S08 "object"
S09 "pair"
S10 "shorthand_property_identifier"

[type_defs]
T0 = <Node>
T1 = Struct  M0:1  ; { a }
T2 = Struct  M1:1  ; { b }
T3 = Enum    M2:2  ; A | B
T4 = Struct  M4:1  ; { item }
T5 = ArrayStar(T4)  ; T4*
T6 = Struct  M5:1  ; { items }

[type_members]
M0: S01 → T0  ; a: <Node>
M1: S02 → T0  ; b: <Node>
M2: S03 → T1  ; A: T1
M3: S04 → T2  ; B: T2
M4: S05 → T3  ; item: T3
M5: S06 → T5  ; items: T5

[type_names]
N0: S07 → T6  ; Test

[entrypoints]
Test = 01 :: T6

[transitions]
  00   ε                                    ◼

Test:
  01   ε                                    02
  02       (object)                         03
  03   ε   [Arr]                            05
  05   ε                                    29, 11
  07   ε   [EndArr Set(M5)]                 09
  09   △                                    10
  10                                        ▶
  11   ε   [EndArr Set(M5)]                 10
  13   ε   [EndObj Push]                    49
  15   ε   [EndEnum Set(M4)]                13
  17   ▽   (pair) [Node Set(M0)]            15
  19   ε   [Enum(M2)]                       17
  21   ε   [EndEnum Set(M4)]                13
  23   ▽   (shorthand_property_identifier) [Node Set(M1)]  21
  25   ε   [Enum(M3)]                       23
  27   ε                                    19, 25
  29   ε   [Obj]                            27
  31   ε   [EndObj Push]                    49
  33   ε   [EndEnum Set(M4)]                31
  35   ▷   (pair) [Node Set(M0)]            33
  37   ε   [Enum(M2)]                       35
  39   ε   [EndEnum Set(M4)]                31
  41   ▷   (shorthand_property_identifier) [Node Set(M1)]  39
  43   ε   [Enum(M3)]                       41
  45   ε                                    37, 43
  47   ε   [Obj]                            45
  49   ε                                    47, 07
