---
source: crates/plotnik-lib/src/emit/codegen_tests.rs
---
Test = (object { [A: (pair) @a  B: (shorthand_property_identifier) @b] @item }* @items)
---
[flags]
linked = false

[strings]
S00 "Beauty will save the world"
S01 "a"
S02 "b"
S03 "A"
S04 "B"
S05 "item"
S06 "items"
S07 "Test"
S08 "object"
S09 "pair"
S10 "shorthand_property_identifier"

[type_defs]
T0 = <Node>
T1 = Struct  M0:1  ; { a }
T2 = Struct  M1:1  ; { b }
T3 = Enum    M2:2  ; A | B
T4 = Struct  M4:1  ; { item }
T5 = ArrayStar(T4)  ; T4*
T6 = Struct  M5:1  ; { items }

[type_members]
M0: S01 → T0  ; a: <Node>
M1: S02 → T0  ; b: <Node>
M2: S03 → T1  ; A: T1
M3: S04 → T2  ; B: T2
M4: S05 → T3  ; item: T3
M5: S06 → T5  ; items: T5

[type_names]
N0: S07 → T6  ; Test

[entrypoints]
Test = 01 :: T6

[transitions]
  00   ε                                    ◼

Test:
  01   ε                                    02
  02   ε   [Obj]                            04
  04       (object)                         05
  05   ε   [Arr]                            07
  07   ε                                    33, 15
  09   ε   [EndArr Set(M5)]                 11
  11   △                                    13
  12                                        ▶
  13   ε   [EndObj]                         12
  15   ε   [EndArr Set(M5)]                 13
  17   ε   [EndObj Push]                    53
  19   ε   [EndEnum Set(M4)]                17
  21   ▽   (pair) [Node Set(M0)]            19
  23   ε   [Enum(M2)]                       21
  25   ε   [EndEnum Set(M4)]                17
  27   ▽   (shorthand_property_identifier) [Node Set(M1)]  25
  29   ε   [Enum(M3)]                       27
  31   ε                                    23, 29
  33   ε   [Obj]                            31
  35   ε   [EndObj Push]                    53
  37   ε   [EndEnum Set(M4)]                35
  39   ▷   (pair) [Node Set(M0)]            37
  41   ε   [Enum(M2)]                       39
  43   ε   [EndEnum Set(M4)]                35
  45   ▷   (shorthand_property_identifier) [Node Set(M1)]  43
  47   ε   [Enum(M3)]                       45
  49   ε                                    41, 47
  51   ε   [Obj]                            49
  53   ε                                    51, 09
