---
source: crates/plotnik-lib/src/emit/codegen_tests.rs
---
Test = (a (b (c (d) @d) @c) @b) @a
---
[flags]
linked = false

[strings]
S0 "Beauty will save the world"
S1 "a"
S2 "b"
S3 "c"
S4 "d"
S5 "Test"

[type_defs]
T0 = <Node>
T1 = Struct  M0:4  ; { a, b, c, d }
T2 = Struct  M4:1  ; { d }
T3 = Struct  M5:2  ; { c, d }
T4 = Struct  M7:3  ; { b, c, d }

[type_members]
M0: S1 → T0  ; a: <Node>
M1: S2 → T0  ; b: <Node>
M2: S3 → T0  ; c: <Node>
M3: S4 → T0  ; d: <Node>
M4: S4 → T0  ; d: <Node>
M5: S3 → T0  ; c: <Node>
M6: S4 → T0  ; d: <Node>
M7: S2 → T0  ; b: <Node>
M8: S3 → T0  ; c: <Node>
M9: S4 → T0  ; d: <Node>

[type_names]
N0: S5 → T1  ; Test

[entrypoints]
Test = 01 :: T1

[transitions]
  00   ε                                    ◼

Test:
  01   ε                                    02
  02   ε   [Obj]                            04
  04  ‼·   (a) [Node Set(M0)]               06
  06   ▽   (b) [Node Set(M1)]               08
  08   ▽   (c) [Node Set(M2)]               10
  10   ▽   (d) [Node Set(M3)]               12
  12   △                                    13
  13   △                                    14
  14   △                                    15
  15   ε   [EndObj]                         17
  17                                        ▶
