---
source: crates/plotnik-lib/src/emit/codegen_tests.rs
---
Test = [
    A: (identifier) @a
    B: (number) @b
]
---
[flags]
linked = false

[strings]
S0 "Beauty will save the world"
S1 "a"
S2 "b"
S3 "A"
S4 "B"
S5 "Test"
S6 "identifier"
S7 "number"

[type_defs]
T0 = <Node>
T1 = Struct  M0:1  ; { a }
T2 = Struct  M1:1  ; { b }
T3 = Enum    M2:2  ; A | B

[type_members]
M0: S1 → T0  ; a: <Node>
M1: S2 → T0  ; b: <Node>
M2: S3 → T1  ; A: T1
M3: S4 → T2  ; B: T2

[type_names]
N0: S5 → T3  ; Test

[entrypoints]
Test = 01 :: T3

[transitions]
  00   ε                                    ◼

Test:
  01   ε                                    02
  02   ε                                    09, 15
  04                                        ▶
  05   ε   [EndEnum]                        04
  07       (identifier) [Node Set(M0)]      05
  09   ε   [Enum(M2)]                       07
  11   ε   [EndEnum]                        04
  13       (number) [Node Set(M1)]          11
  15   ε   [Enum(M3)]                       13
