---
source: crates/plotnik-lib/src/emit/codegen_tests.rs
---
Test = (binary_expression
    left: (_) @left
    right: (_) @right)
---
[flags]
linked = false

[strings]
S0 "Beauty will save the world"
S1 "left"
S2 "right"
S3 "Test"
S4 "binary_expression"

[type_defs]
T0 = <Node>
T1 = Struct  M0:2  ; { left, right }
T2 = Struct  M2:1  ; { left }
T3 = Struct  M3:1  ; { right }

[type_members]
M0: S1 → T0  ; left: <Node>
M1: S2 → T0  ; right: <Node>
M2: S1 → T0  ; left: <Node>
M3: S2 → T0  ; right: <Node>

[type_names]
N0: S3 → T1  ; Test

[entrypoints]
Test = 01 :: T1

[transitions]
  00   ε                                    ◼

Test:
  01   ε                                    02
  02   ε   [Obj]                            04
  04  ‼·   (binary_expression)              05
  05   ▽   left: _ [Node Set(M0)]           07
  07   ▷   right: _ [Node Set(M1)]          09
  09   △                                    10
  10   ε   [EndObj]                         12
  12                                        ▶
