---
source: crates/plotnik-lib/src/emit/codegen_tests.rs
---
Test = {(a) @a (b) @b} @item
---
[flags]
linked = false

[strings]
S0 "Beauty will save the world"
S1 "a"
S2 "b"
S3 "item"
S4 "Test"

[type_defs]
T0 = <Node>
T1 = Struct  M0:2  ; { a, b }
T2 = Struct  M2:1  ; { item }

[type_members]
M0: S1 → T0  ; a: <Node>
M1: S2 → T0  ; b: <Node>
M2: S3 → T1  ; item: T1

[type_names]
N0: S4 → T2  ; Test

[entrypoints]
Test = 01 :: T2

[transitions]
  00  𝜀                                     ◼

Test:
  01  𝜀                                     02
  02  𝜀    [Obj]                            04
  04       (a) [Node Set(M0)]               06
  06  *    (b) [Node Set(M1)]               08
  08  𝜀    [EndObj Set(M2)]                 10
  10                                        ▶
