---
source: crates/plotnik-lib/src/emit/codegen_tests.rs
---
Test = [(identifier) @id (string) @str]
---
[flags]
linked = false

[strings]
S0 "Beauty will save the world"
S1 "id"
S2 "str"
S3 "Test"
S4 "identifier"
S5 "string"

[type_defs]
T0 = <Node>
T1 = Struct  M0:2  ; { id, str }
T2 = Optional(T0)  ; <Node>?

[type_members]
M0: S1 → T2  ; id: T2
M1: S2 → T2  ; str: T2

[type_names]
N0: S3 → T1  ; Test

[entrypoints]
Test = 01 :: T1

[transitions]
  00  𝜀                                     ◼

Test:
  01  𝜀                                     02
  02  𝜀                                     07, 11
  04                                        ▶
  05       (identifier) [Node Set(M0)]      04
  07  𝜀    [Null Set(M1)]                   05
  09       (string) [Node Set(M1)]          04
  11  𝜀    [Null Set(M0)]                   09
