---
source: crates/plotnik-lib/src/emit/codegen_tests.rs
---
Test = (parent {(a) (b)}* @items)
---
[flags]
linked = false

[strings]
S0 "Beauty will save the world"
S1 "items"
S2 "Test"
S3 "parent"
S4 "b"
S5 "a"

[type_defs]
T0 = <Node>
T1 = ArrayStar(T0)  ; <Node>*
T2 = Struct  M0:1  ; { items }

[type_members]
M0: S1 → T1  ; items: T1

[type_names]
N0: S2 → T2  ; Test

[entrypoints]
Test = 01 :: T2

[transitions]
  00   ε                                    ◼

Test:
  01   ε                                    02
  02   ε   [Obj]                            04
  04   !   (parent)                         05
  05   ε   [Arr]                            07
  07   ε                                    27, 19
  09   ε   [EndArr Set(M0)]                 11
  11   △                                    17
  12   ▷   (b) [Push]                       14
  14   ε                                    33, 09
  16                                        ▶
  17   ε   [EndObj]                         16
  19   ε   [EndArr Set(M0)]                 17
  21   !   (a)                              12
  22   ▷                                    25
  23   ε                                    22, 19
  25   ε                                    21, 23
  27   ▽                                    25
  28   ▷                                    31
  29   ε                                    28, 09
  31   ε                                    21, 29
  33   ▷                                    31
