---
source: crates/plotnik-lib/src/emit/codegen_tests.rs
---
Test = [A: (identifier) @a  B: (number) @b] @item
---
[flags]
linked = false

[strings]
S00 "Beauty will save the world"
S01 "a"
S02 "b"
S03 "A"
S04 "B"
S05 "item"
S06 "Test"
S07 "identifier"
S08 "number"

[type_defs]
T00 = void
T01 = Node
T02 = str
T03 = Struct  M0[1]  ; { a }
T04 = Struct  M1[1]  ; { b }
T05 = Enum    M2[2]  ; A | B
T06 = Struct  M4[1]  ; { item }

[type_members]
M0: S01 → T01  ; a: Node
M1: S02 → T01  ; b: Node
M2: S03 → T03  ; A: T03
M3: S04 → T04  ; B: T04
M4: S05 → T05  ; item: T05

[type_names]
N0: S06 → T06  ; Test

[entrypoints]
Test = 01 :: T06

[transitions]
  00  𝜀                                     ◼

Test:
  01  𝜀                                     02
  02  𝜀                                     09, 15
  04                                        ▶
  05  𝜀    [EndEnum Set(M4)]                04
  07       (identifier) [Node Set(M0)]      05
  09  𝜀    [Enum(M2)]                       07
  11  𝜀    [EndEnum Set(M4)]                04
  13       (number) [Node Set(M1)]          11
  15  𝜀    [Enum(M3)]                       13
