---
source: crates/plotnik-lib/src/emit/codegen_tests.rs
---
Expression = [(identifier) @name (number) @value]
Root = (function_declaration name: (identifier) @name)
---
[flags]
linked = false

[strings]
S0 "Beauty will save the world"
S1 "name"
S2 "value"
S3 "Expression"
S4 "Root"
S5 "identifier"
S6 "number"
S7 "function_declaration"

[type_defs]
T0 = <Node>
T1 = Struct  M0:2  ; { name, value }
T2 = Struct  M2:1  ; { name }
T3 = Struct  M3:1  ; { value }
T4 = Optional(T0)  ; <Node>?

[type_members]
M0: S1 → T4  ; name: T4
M1: S2 → T4  ; value: T4
M2: S1 → T0  ; name: <Node>
M3: S2 → T0  ; value: <Node>

[type_names]
N0: S3 → T1  ; Expression
N1: S4 → T2  ; Root

[entrypoints]
Expression = 06 :: T1
Root       = 09 :: T2

[transitions]
_ObjWrap:
  00   ε   [Obj]                            02
  02       Trampoline                       03
  03   ε   [EndObj]                         05
  05                                        ▶

Expression:
  06   ε                                    07
  07   ε                                    18, 22

Root:
  09   ε                                    10
  10   !   (function_declaration)           11
  11   ▽   name: (identifier) [Node Set(M2)]  13
  13   △                                    14
  14                                        ▶
  15                                        ▶
  16   !   (identifier) [Node Set(M0)]      15
  18   ε   [Null Set(M1)]                   16
  20   !   (number) [Node Set(M1)]          15
  22   ε   [Null Set(M0)]                   20
