---
source: crates/plotnik-lib/src/emit/codegen_tests.rs
---
Test = (program [(identifier) (number)] @x)
---
[flags]
linked = false

[strings]
S0 "Beauty will save the world"
S1 "x"
S2 "Test"
S3 "program"
S4 "identifier"
S5 "number"

[type_defs]
T0 = <Node>
T1 = Struct  M0:1  ; { x }

[type_members]
M0: S1 → T0  ; x: <Node>

[type_names]
N0: S2 → T1  ; Test

[entrypoints]
Test = 01 :: T1

[transitions]
  00  𝜀                                     ◼

Test:
  01  𝜀                                     02
  02       (program)                        03
  03  𝜀                                     06, 08
  05                                        ▶
  06  ↓*   (identifier) [Node Set(M0)]      10
  08  ↓*   (number) [Node Set(M0)]          10
  10 *↑¹                                    05
