---
source: crates/plotnik-lib/src/emit/codegen_tests.rs
---
Test = (array (identifier)* @ids (number) @n)
---
[flags]
linked = false

[strings]
S0 "Beauty will save the world"
S1 "ids"
S2 "n"
S3 "Test"
S4 "array"
S5 "number"
S6 "identifier"

[type_defs]
T0 = <Node>
T1 = ArrayStar(T0)  ; <Node>*
T2 = Struct  M0:2  ; { ids, n }

[type_members]
M0: S1 → T1  ; ids: T1
M1: S2 → T0  ; n: <Node>

[type_names]
N0: S3 → T2  ; Test

[entrypoints]
Test = 01 :: T2

[transitions]
  00  𝜀                                     ◼

Test:
  01  𝜀                                     02
  02       (array)                          03
  03  𝜀    [Arr]                            05
  05  𝜀                                     16, 14
  07                                        ▶
  08  ↓*   (number) [Node Set(M1)]          22
  10  *    (number) [Node Set(M1)]          22
  12  𝜀    [EndArr Set(M0)]                 10
  14  𝜀    [EndArr Set(M0)]                 08
  16  ↓*   (identifier) [Push]              20
  18  *    (identifier) [Push]              20
  20  𝜀                                     18, 12
  22 *↑¹                                    07
