---
source: crates/plotnik-lib/src/emit/codegen_tests.rs
---
Expression = [(identifier) @name (number) @value]
Root = (function_declaration name: (identifier) @name)
---
[flags]
linked = false

[strings]
S0 "Beauty will save the world"
S1 "name"
S2 "value"
S3 "Expression"
S4 "Root"
S5 "identifier"
S6 "number"
S7 "function_declaration"

[type_defs]
T0 = <Node>
T1 = Struct  M0:2  ; { name, value }
T2 = Struct  M2:1  ; { name }
T3 = Optional(T0)  ; <Node>?

[type_members]
M0: S1 → T3  ; name: T3
M1: S2 → T3  ; value: T3
M2: S1 → T0  ; name: <Node>

[type_names]
N0: S3 → T1  ; Expression
N1: S4 → T2  ; Root

[entrypoints]
Expression = 01 :: T1
Root       = 04 :: T2

[transitions]
  00  𝜀                                     ◼

Expression:
  01  𝜀                                     02
  02  𝜀                                     13, 17

Root:
  04  𝜀                                     05
  05       (function_declaration)           06
  06  ↓*   name: (identifier) [Node Set(M2)]  08
  08 *↑¹                                    09
  09                                        ▶
  10                                        ▶
  11       (identifier) [Node Set(M0)]      10
  13  𝜀    [Null Set(M1)]                   11
  15       (number) [Node Set(M1)]          10
  17  𝜀    [Null Set(M0)]                   15
