---
source: crates/plotnik-lib/src/emit/emit_tests.rs
---
Test = (parent {(a) (b)}* @items)
---
[flags]
linked = false

[strings]
S0 "Beauty will save the world"
S1 "items"
S2 "Test"
S3 "parent"
S4 "b"
S5 "a"

[type_defs]
T0 = <Node>
T1 = ArrayStar(T0)  ; <Node>*
T2 = Struct  M0:1  ; { items }

[type_members]
M0: S1 → T1  ; items: T1

[type_names]
N0: S2 → T2  ; Test

[entrypoints]
Test = 06 :: T2

[transitions]
_ObjWrap:
  00   ε   [Obj]                            02
  02       Trampoline                       03
  03   ε   [EndObj]                         05
  05                                        ▶

Test:
  06   ε                                    07
  07   !   (parent)                         08
  08   ε   [Arr]                            10
  10   ε                                    26, 12
  12   ε   [EndArr Set(M0)]                 14
  14   △   _                                19
  15   ▷   (b) [Node Push]                  17
  17   ε                                    32, 12
  19                                        ▶
  20   !   (a)                              15
  21   ▷   _                                24
  22   ε                                    21, 12
  24   ε                                    20, 22
  26   ▽   _                                24
  27   ▷   _                                30
  28   ε                                    27, 12
  30   ε                                    20, 28
  32   ▷   _                                30
