---
source: crates/plotnik-lib/src/emit/codegen_tests.rs
---
Test = (parent (last) .)
---
[flags]
linked = false

[strings]
S0 "Beauty will save the world"
S1 "Test"
S2 "parent"
S3 "last"

[type_defs]
T0 = <Void>

[type_members]

[type_names]
N0: S1 → T0  ; Test

[entrypoints]
Test = 1 :: T0

[transitions]
  0   ε                                     ◼

Test:
  1   ε                                     2
  2       (parent)                          3
  3   ▽   (last)                            4
  4  !△                                     5
  5                                         ▶
