---
source: crates/plotnik-lib/src/emit/codegen_tests.rs
---
Test = (function_declaration name: (identifier) @name !type_parameters)
---
[flags]
linked = false

[strings]
S0 "Beauty will save the world"
S1 "name"
S2 "Test"
S3 "function_declaration"
S4 "type_parameters"
S5 "identifier"

[type_defs]
T0 = <Node>
T1 = Struct  M0:1  ; { name }

[type_members]
M0: S1 → T0  ; name: <Node>

[type_names]
N0: S2 → T1  ; Test

[entrypoints]
Test = 1 :: T1

[transitions]
  0  𝜀                                      ◼

Test:
  1  𝜀                                      2
  2       !type_parameters (function_declaration)  4
  4  ↓*   name: (identifier) [Node Set(M0)]  6
  6 *↑¹                                     7
  7                                         ▶
