---
source: crates/plotnik-lib/src/emit/codegen_tests.rs
---
Test = (pair key: _ @key)
---
[flags]
linked = false

[strings]
S0 "Beauty will save the world"
S1 "key"
S2 "Test"
S3 "pair"

[type_defs]
T0 = <Node>
T1 = Struct  M0:1  ; { key }

[type_members]
M0: S1 → T0  ; key: <Node>

[type_names]
N0: S2 → T1  ; Test

[entrypoints]
Test = 1 :: T1

[transitions]
  0  𝜀                                      ◼

Test:
  1  𝜀                                      2
  2       (pair)                            3
  3  ↓*   key: _ [Node Set(M0)]             5
  5 *↑¹                                     6
  6                                         ▶
