---
source: crates/plotnik-lib/src/emit/codegen_tests.rs
---
Test = (parent {(a) @a (b) @b})
---
[flags]
linked = false

[strings]
S0 "Beauty will save the world"
S1 "a"
S2 "b"
S3 "Test"
S4 "parent"

[type_defs]
T0 = <Node>
T1 = Struct  M0:2  ; { a, b }

[type_members]
M0: S1 → T0  ; a: <Node>
M1: S2 → T0  ; b: <Node>

[type_names]
N0: S3 → T1  ; Test

[entrypoints]
Test = 1 :: T1

[transitions]
  0  𝜀                                      ◼

Test:
  1  𝜀                                      2
  2       (parent)                          3
  3  ↓*   (a) [Node Set(M0)]                5
  5  *    (b) [Node Set(M1)]                7
  7 *↑¹                                     8
  8                                         ▶
