---
source: crates/plotnik-lib/src/emit/codegen_tests.rs
---
Test = (binary_expression
    left: (_) @left
    right: (_) @right)
---
[flags]
linked = false

[strings]
S0 "Beauty will save the world"
S1 "left"
S2 "right"
S3 "Test"
S4 "binary_expression"

[type_defs]
T0 = <Node>
T1 = Struct  M0:2  ; { left, right }

[type_members]
M0: S1 → T0  ; left: <Node>
M1: S2 → T0  ; right: <Node>

[type_names]
N0: S3 → T1  ; Test

[entrypoints]
Test = 1 :: T1

[transitions]
  0  𝜀                                      ◼

Test:
  1  𝜀                                      2
  2       (binary_expression)               3
  3  ↓*   left: _ [Node Set(M0)]            5
  5  *    right: _ [Node Set(M1)]           7
  7 *↑¹                                     8
  8                                         ▶
