---
source: crates/plotnik-lib/src/emit/codegen_tests.rs
---
Test = (array {(identifier) @a (number) @b}* @items)
---
[flags]
linked = false

[strings]
S0 "Beauty will save the world"
S1 "a"
S2 "b"
S3 "items"
S4 "Test"
S5 "array"
S6 "number"
S7 "identifier"

[type_defs]
T0 = <Node>
T1 = Struct  M0:2  ; { a, b }
T2 = ArrayStar(T1)  ; T1*
T3 = Struct  M2:1  ; { items }

[type_members]
M0: S1 → T0  ; a: <Node>
M1: S2 → T0  ; b: <Node>
M2: S3 → T2  ; items: T2

[type_names]
N0: S4 → T3  ; Test

[entrypoints]
Test = 01 :: T3

[transitions]
  00  𝜀                                     ◼

Test:
  01  𝜀                                     02
  02       (array)                          03
  03  𝜀    [Arr]                            05
  05  𝜀                                     19, 11
  07  𝜀    [EndArr Set(M2)]                 09
  09 *↑¹                                    10
  10                                        ▶
  11  𝜀    [EndArr Set(M2)]                 10
  13  𝜀    [EndObj Push]                    29
  15  *    (number) [Node Set(M1)]          13
  17  ↓*   (identifier) [Node Set(M0)]      15
  19  𝜀    [Obj]                            17
  21  𝜀    [EndObj Push]                    29
  23  *    (number) [Node Set(M1)]          21
  25  *    (identifier) [Node Set(M0)]      23
  27  𝜀    [Obj]                            25
  29  𝜀                                     27, 07
