---
source: crates/plotnik-lib/src/emit/codegen_tests.rs
---
Test = {{(identifier) @id} @inner}? @outer
---
[flags]
linked = false

[strings]
S0 "Beauty will save the world"
S1 "id"
S2 "inner"
S3 "outer"
S4 "Test"
S5 "identifier"

[type_defs]
T0 = <Node>
T1 = Struct  M0:1  ; { id }
T2 = Struct  M1:1  ; { inner }
T3 = Struct  M2:1  ; { outer }
T4 = Optional(T1)  ; T1?
T5 = Optional(T2)  ; T2?

[type_members]
M0: S1 → T0  ; id: <Node>
M1: S2 → T4  ; inner: T4
M2: S3 → T5  ; outer: T5

[type_names]
N0: S4 → T3  ; Test

[entrypoints]
Test = 01 :: T3

[transitions]
  00  𝜀                                     ◼

Test:
  01  𝜀                                     02
  02  𝜀    [Obj]                            04
  04  𝜀                                     13, 15
  06                                        ▶
  07  𝜀    [EndObj Set(M2)]                 06
  09  𝜀    [EndObj Set(M1)]                 07
  11       (identifier) [Node Set(M0)]      09
  13  𝜀    [Obj]                            11
  15  𝜀    [Null Set(M1)]                   07
