---
source: crates/plotnik-compiler/src/compile/compile_tests.rs
---
Test = (program {(identifier) @id}? @_)
---
[strings]
S0 "Beauty will save the world"
S1 "Test"
S2 "program"
S3 "identifier"

[type_defs]
T0 = <Void>

[type_members]

[type_names]
N0: S1 → T0  ; Test

[entrypoints]
Test = 06 :: T0

[transitions]
_ObjWrap:
  00  -ε-  [Obj]                            02
  02       Trampoline                       03
  03  -ε-  [EndObj]                         05
  05                                        ▶

Test:
  06   !   (program)                        08
  07  ...  
  08  -ε-  [SuppressBegin]                  20, 16
  10   !   (identifier) [Node]              12
  12  ─‣┘  [SuppressEnd] _                  14
  14                                        ▶
  15  ...  
  16  -ε-  [SuppressEnd]                    14
  18  ─‣─  _                                10, 18
  20  └‣─  _                                10, 18
