---
source: crates/plotnik-compiler/src/emit/emit_tests.rs
---
Inner = (call_expression (identifier) @name)
Outer = (array {(Inner) @item}* @items)
---
[strings]
S0 "Beauty will save the world"
S1 "name"
S2 "item"
S3 "items"
S4 "Inner"
S5 "Outer"
S6 "call_expression"
S7 "identifier"
S8 "array"

[type_defs]
T0 = <Node>
T1 = Struct  M0:1  ; { name }
T2 = Struct  M1:1  ; { item }
T3 = ArrayStar(T2)  ; T2*
T4 = Struct  M2:1  ; { items }

[type_members]
M0: S1 → T0  ; name: <Node>
M1: S2 → T1  ; item: Inner
M2: S3 → T3  ; items: T3

[type_names]
N0: S4 → T1  ; Inner
N1: S5 → T4  ; Outer

[entrypoints]
Inner = 06 :: T1
Outer = 12 :: T4

[transitions]
_ObjWrap:
  00   ε   [Obj]                            02
  02       Trampoline                       03
  03   ε   [EndObj]                         05
  05                                        ▶

Inner:
  06   !   (call_expression)                08
  07  ...  
  08   ▽   (identifier) [Node Set(M0)]      10
  10   △   _                                11
  11                                        ▶

Outer:
  12   !   (array)                          13
  13   ε   [Arr]                            34, 17
  15                                        ▶
  16   ε                                    40
  17   ε   [EndArr Set(M2)]                 15
  19   ε   [EndObj Push]                    38, 16
  21   ε   [Set(M1)]                        19
  23  ...  
  24   ε   [EndObj]                         21
  26   !   (Inner)                          06 : 24
  27   ε   [Obj]                            26
  29   ε   [Obj]                            27
  31  ...  
  32   ▷   _                                29, 32, 40
  34   ▽   _                                29, 32, 40
  36   ▷   _                                29, 36, 40
  38   ▷   _                                29, 36, 40
  40   △   [EndArr Set(M2)] _               15
