---
source: crates/plotnik-compiler/src/emit/emit_tests.rs
---
Test = (array (identifier) .)
---
[strings]
S0 "Beauty will save the world"
S1 "Test"
S2 "array"
S3 "identifier"

[type_defs]
T0 = <Void>

[type_members]

[type_names]
N0: S1 → T0  ; Test

[entrypoints]
Test = 06 :: T0

[transitions]
_ObjWrap:
  00   ε   [Obj]                            02
  02       Trampoline                       03
  03   ε   [EndObj]                         05
  05                                        ▶

Test:
  06   !   (array)                          08
  07  ...  
  08   ▽   _                                12, 13
  10                                        ▶
  11  !△   _                                10
  12   !   (identifier)                     11
  13   ▷   _                                12, 13
