---
source: crates/plotnik-compiler/src/emit/emit_tests.rs
---
Test = (array (identifier)* @ids (number) @n)
---
[strings]
S0 "Beauty will save the world"
S1 "ids"
S2 "n"
S3 "Test"
S4 "array"
S5 "identifier"
S6 "number"

[type_defs]
T0 = <Node>
T1 = ArrayStar(T0)  ; <Node>*
T2 = Struct  M0:2  ; { ids, n }
T3 = Struct  M2:1  ; { ids }
T4 = Struct  M3:1  ; { n }

[type_members]
M0: S1 → T1  ; ids: T1
M1: S2 → T0  ; n: <Node>
M2: S1 → T1  ; ids: T1
M3: S2 → T0  ; n: <Node>

[type_names]
N0: S3 → T2  ; Test

[entrypoints]
Test = 06 :: T2

[transitions]
_ObjWrap:
  00   ε   [Obj]                            02
  02       Trampoline                       03
  03   ε   [EndObj]                         05
  05                                        ▶

Test:
  06   !   (array)                          08
  07   △   _                                10
  08   ε   [Arr]                            24, 19
  10                                        ▶
  11   ▽   [EndArr Set(M0)] (number) [Node Set(M1)]  07
  14   ▷   _                                20, 26, 16
  16   ▷   [EndArr Set(M0)] (number) [Node Set(M1)]  07
  19   ε                                    11
  20   !   (identifier) [Node Push]         14, 16
  22   ▷   _                                20, 22, 16
  24   ▽   _                                20, 22, 16
  26   ▷   _                                20, 26, 16
