---
source: crates/plotnik-compiler/src/emit/emit_tests.rs
---
Test = (array {(identifier) (number)}* @items)
---
[strings]
S0 "Beauty will save the world"
S1 "items"
S2 "Test"
S3 "array"
S4 "identifier"
S5 "number"

[type_defs]
T0 = <Node>
T1 = ArrayStar(T0)  ; <Node>*
T2 = Struct  M0:1  ; { items }

[type_members]
M0: S1 → T1  ; items: T1

[type_names]
N0: S2 → T2  ; Test

[entrypoints]
Test = 06 :: T2

[transitions]
_ObjWrap:
  00   ε   [Obj]                            02
  02       Trampoline                       03
  03   ε   [EndObj]                         05
  05                                        ▶

Test:
  06   !   (array)                          08
  07  ...  
  08   ε   [Arr]                            18, 11
  10                                        ▶
  11   ε   [EndArr Set(M0)]                 10
  13   ▷   (number) [Node Push]             22, 24
  15   !   (identifier)                     13
  16   ▷   _                                15, 16, 24
  18   ▽   _                                15, 16, 24
  20   ▷   _                                15, 20, 24
  22   ▷   _                                15, 20, 24
  24   △   [EndArr Set(M0)] _               10
