---
source: crates/plotnik-lib/src/bytecode/dump_tests.rs
expression: res
---
[header]
linked = true

[strings]
S00 "Beauty will save the world"
S01 "name"
S02 "value"
S03 "Literal"
S04 "Variable"
S05 "target"
S06 "Ident"
S07 "Expression"
S08 "Assignment"
S09 "identifier"
S10 "number"
S11 "assignment_expression"
S12 "left"
S13 "right"

[types.defs]
T00 = void
T01 = Node
T02 = str
T03 = Struct(M0, 1)  ; { name }
T04 = Struct(M1, 1)  ; { value }
T05 = Struct(M2, 1)  ; { name }
T06 = Enum(M3, 2)  ; Literal | Variable
T07 = Struct(M5, 2)  ; { value, target }

[types.members]
M0 = (S01, T02)  ; name: str
M1 = (S02, T01)  ; value: Node
M2 = (S01, T01)  ; name: Node
M3 = (S03, T04)  ; Literal: T04
M4 = (S04, T05)  ; Variable: T05
M5 = (S02, T06)  ; value: Expression
M6 = (S05, T01)  ; target: Node

[types.names]
N0 = (S06, T03)  ; Ident
N1 = (S07, T06)  ; Expression
N2 = (S08, T07)  ; Assignment

[entry]
Assignment = 08 :: T07
Expression = 05 :: T06
Ident      = 01 :: T03

[code]
  00   𝜀                                    ◼

Ident:
  01   𝜀                                    02
  02  *↓   (identifier)                     03
  03   𝜀   [Text Set(M0)]                   ◼

Expression:
  05   𝜀                                    06
  06   𝜀                                    23, 30

Assignment:
  08   𝜀                                    09
  09  *↓   (assignment_expression)          10
  10   𝜀   left: _                          11
  11  *↓   (identifier)                     12
  12   𝜀   [Node Set(M1)]                   14
  14   𝜀   right: _                         ▶(Expression)
  15   𝜀   [Node Set(M0)]                   17
  17  *↑¹                                   ◼
  18   𝜀   [EndE]                           ◼
  20   𝜀   [Node]                           18
  22  *↓   (number)                         20
  23   𝜀   [E(M0)]                          22
  25   𝜀   [EndE]                           ◼
  27   𝜀   [Node]                           25
  29  *↓   (identifier)                     27
  30   𝜀   [E(M1)]                          29
