---
source: crates/plotnik-compiler/src/parser/tests/grammar/captures_tests.rs
---
Q = (function_declaration) @fn :: FunctionDecl
---
Root
  Def
    Id "Q"
    Equals "="
    Capture
      Tree
        ParenOpen "("
        Id "function_declaration"
        ParenClose ")"
      CaptureToken "@fn"
      Type
        DoubleColon "::"
        Id "FunctionDecl"
